#-----------------------------------------------------------
# updatemem v2017.4 (64-bit)
# SW Build 2086221 on Fri Dec 15 20:54:30 MST 2017
# 
# Start of session at: Wed May 24 17:31:12 2023
# Process ID: 17996
# Current directory: /home/dcs/git/mopshub-seu-test/work
# Command line: updatemem -mode batch -source /mnt/storage/sw/Xilinx/SDK/2017.4/scripts/updatemem/main.tcl -notrace -tclargs -meminfo /home/dcs/git/mopshub-seu-test/work/TestSetup/TestSetup.sdk/system_wrapper_hw_platform_0/system_wrapper.mmi -data /mnt/storage/sw/Xilinx/SDK/2017.4/data/embeddedsw/lib/microblaze/mb_bootloop_le.elf -proc system_i/microblaze_0 -bit /home/dcs/git/mopshub-seu-test/work/TestSetup/TestSetup.sdk/system_wrapper_hw_platform_0/system_wrapper.bit -out /home/dcs/git/mopshub-seu-test/work/TestSetup/TestSetup.sdk/system_wrapper_hw_platform_0/download.bit -force
# Log file: /home/dcs/git/mopshub-seu-test/work/updatemem.log
# Journal file: /home/dcs/git/mopshub-seu-test/work/updatemem.jou
#-----------------------------------------------------------
source /mnt/storage/sw/Xilinx/SDK/2017.4/scripts/updatemem/main.tcl -notrace
